2026-09-11T11:16:46.852+05:30  INFO 21880 --- [siec-accounting] [restartedMain] com.siec_acc.SiecAccountingApplication   : Starting SiecAccountingApplication using Java 24.0.2 with PID 21880 (C:\SIEC_Accounting_Project\siec-accounting_backend_v1_0\target\classes started by admim in C:\SIEC_Accounting_Project\siec-accounting_backend_v1_0)
2026-09-11T11:16:46.865+05:30  INFO 21880 --- [siec-accounting] [restartedMain] com.siec_acc.SiecAccountingApplication   : No active profile set, falling back to 1 default profile: "default"
2026-09-11T11:16:46.953+05:30  INFO 21880 --- [siec-accounting] [restartedMain] o.s.b.devtools.restart.ChangeableUrls    : The Class-Path manifest attribute in C:\Users\admim\.m2\repository\io\github\cdimascio\java-dotenv\5.2.2\java-dotenv-5.2.2.jar referenced one or more files that do not exist: file:/C:/Users/admim/.m2/repository/io/github/cdimascio/java-dotenv/5.2.2/kotlin-stdlib-1.4.0.jar,file:/C:/Users/admim/.m2/repository/io/github/cdimascio/java-dotenv/5.2.2/kotlin-stdlib-common-1.4.0.jar,file:/C:/Users/admim/.m2/repository/io/github/cdimascio/java-dotenv/5.2.2/annotations-13.0.jar
2026-09-11T11:16:46.955+05:30  INFO 21880 --- [siec-accounting] [restartedMain] .e.DevToolsPropertyDefaultsPostProcessor : Devtools property defaults active! Set 'spring.devtools.add-properties' to 'false' to disable
2026-09-11T11:16:46.955+05:30  INFO 21880 --- [siec-accounting] [restartedMain] .e.DevToolsPropertyDefaultsPostProcessor : For additional web related logging consider setting the 'logging.level.web' property to 'DEBUG'
2026-09-11T11:16:48.701+05:30  INFO 21880 --- [siec-accounting] [restartedMain] .s.d.r.c.RepositoryConfigurationDelegate : Multiple Spring Data modules found, entering strict repository configuration mode
2026-09-11T11:16:48.703+05:30  INFO 21880 --- [siec-accounting] [restartedMain] .s.d.r.c.RepositoryConfigurationDelegate : Bootstrapping Spring Data JDBC repositories in DEFAULT mode.
2026-09-11T11:16:48.753+05:30  INFO 21880 --- [siec-accounting] [restartedMain] .RepositoryConfigurationExtensionSupport : Spring Data JDBC - Could not safely identify store assignment for repository candidate interface com.siec_acc.repository.AdminRepository; If you want this repository to be a JDBC repository, consider annotating your entities with one of these annotations: org.springframework.data.relational.core.mapping.Table.
2026-09-11T11:16:48.754+05:30  INFO 21880 --- [siec-accounting] [restartedMain] .s.d.r.c.RepositoryConfigurationDelegate : Finished Spring Data repository scanning in 41 ms. Found 0 JDBC repository interfaces.
2026-09-11T11:16:48.770+05:30  INFO 21880 --- [siec-accounting] [restartedMain] .s.d.r.c.RepositoryConfigurationDelegate : Multiple Spring Data modules found, entering strict repository configuration mode
2026-09-11T11:16:48.771+05:30  INFO 21880 --- [siec-accounting] [restartedMain] .s.d.r.c.RepositoryConfigurationDelegate : Bootstrapping Spring Data JPA repositories in DEFAULT mode.
2026-09-11T11:16:48.812+05:30  INFO 21880 --- [siec-accounting] [restartedMain] .s.d.r.c.RepositoryConfigurationDelegate : Finished Spring Data repository scanning in 34 ms. Found 1 JPA repository interface.
2026-09-11T11:16:49.990+05:30  INFO 21880 --- [siec-accounting] [restartedMain] o.s.boot.tomcat.TomcatWebServer          : Tomcat initialized with port 9093 (http)
2026-09-11T11:16:50.023+05:30  INFO 21880 --- [siec-accounting] [restartedMain] o.apache.catalina.core.StandardService   : Starting service [Tomcat]
2026-09-11T11:16:50.024+05:30  INFO 21880 --- [siec-accounting] [restartedMain] o.apache.catalina.core.StandardEngine    : Starting Servlet engine: [Apache Tomcat/11.0.24]
2026-09-11T11:16:50.098+05:30  INFO 21880 --- [siec-accounting] [restartedMain] b.w.c.s.WebApplicationContextInitializer : Root WebApplicationContext: initialization completed in 3142 ms
2026-09-11T11:16:50.360+05:30  INFO 21880 --- [siec-accounting] [restartedMain] org.hibernate.orm.jpa                    : HHH008540: Processing PersistenceUnitInfo [name: default]
2026-09-11T11:16:50.451+05:30  INFO 21880 --- [siec-accounting] [restartedMain] org.hibernate.orm.core                   : HHH000001: Hibernate ORM core version 7.4.5.Final
2026-09-11T11:16:51.180+05:30  INFO 21880 --- [siec-accounting] [restartedMain] o.s.o.j.p.SpringPersistenceUnitInfo      : No LoadTimeWeaver setup: ignoring JPA class transformer
2026-09-11T11:16:51.231+05:30  INFO 21880 --- [siec-accounting] [restartedMain] com.zaxxer.hikari.HikariDataSource       : HikariPool-1 - Starting...
2026-09-11T11:16:51.454+05:30  INFO 21880 --- [siec-accounting] [restartedMain] com.zaxxer.hikari.pool.HikariPool        : HikariPool-1 - Added connection com.mysql.cj.jdbc.ConnectionImpl@5927bbe4
2026-09-11T11:16:51.456+05:30  INFO 21880 --- [siec-accounting] [restartedMain] com.zaxxer.hikari.HikariDataSource       : HikariPool-1 - Start completed.
2026-09-11T11:16:51.561+05:30  INFO 21880 --- [siec-accounting] [restartedMain] org.hibernate.orm.connections.pooling    : HHH10001005: Database info:
	Database JDBC URL [jdbc:mysql://localhost:3306/siec_acc_db?useSSL=false&serverTimezone=UTC&allowPublicKeyRetrieval=true&allowPublicKeyRetrieval=true]
	Database driver: MySQL Connector/J
	Database dialect: MySQLDialect
	Database version: 8.0.41
	Default catalog/schema: siec_acc_db/undefined
	Autocommit mode: undefined/unknown
	Isolation level: REPEATABLE_READ [default REPEATABLE_READ]
	JDBC fetch size: none
	Pool: DataSourceConnectionProvider
	Minimum pool size: undefined/unknown
	Maximum pool size: undefined/unknown
2026-09-11T11:16:52.942+05:30  INFO 21880 --- [siec-accounting] [restartedMain] org.hibernate.orm.core                   : HHH000489: No JTA platform available (set 'hibernate.transaction.jta.platform' to enable JTA platform integration)
2026-09-11T11:16:53.074+05:30  INFO 21880 --- [siec-accounting] [restartedMain] j.LocalContainerEntityManagerFactoryBean : Initialized JPA EntityManagerFactory for persistence unit 'default'
2026-09-11T11:16:53.196+05:30  INFO 21880 --- [siec-accounting] [restartedMain] o.s.d.j.r.query.QueryEnhancerFactories   : Hibernate is in classpath; If applicable, HQL parser will be used.
2026-09-11T11:16:53.626+05:30  INFO 21880 --- [siec-accounting] [restartedMain] com.siec_acc.security.SecurityConfig     : SecurityConfig bean initialized
2026-09-11T11:16:53.642+05:30  INFO 21880 --- [siec-accounting] [restartedMain] com.siec_acc.security.AuthController     : AuthController initialized
2026-09-11T11:16:53.772+05:30  WARN 21880 --- [siec-accounting] [restartedMain] JpaBaseConfiguration$JpaWebConfiguration : spring.jpa.open-in-view is enabled by default. Therefore, database queries may be performed during view rendering. Explicitly configure spring.jpa.open-in-view to disable this warning
2026-09-11T11:16:53.902+05:30  INFO 21880 --- [siec-accounting] [restartedMain] eAuthenticationProviderManagerConfigurer : Global AuthenticationManager configured with AuthenticationProvider bean with name authenticationProvider
2026-09-11T11:16:53.903+05:30  WARN 21880 --- [siec-accounting] [restartedMain] r$InitializeUserDetailsManagerConfigurer : Global AuthenticationManager configured with an AuthenticationProvider bean. UserDetailsService beans will not be used by Spring Security for automatically configuring username/password login. Consider removing the AuthenticationProvider bean. Alternatively, consider using the UserDetailsService in a manually instantiated DaoAuthenticationProvider. If the current configuration is intentional, to turn off this warning, increase the logging level of 'org.springframework.security.config.annotation.authentication.configuration.InitializeUserDetailsBeanManagerConfigurer' to ERROR
2026-09-11T11:16:54.040+05:30  INFO 21880 --- [siec-accounting] [restartedMain] com.siec_acc.security.SecurityConfig     : SecurityFilterChain configured successfully (OAuth2 removed)
2026-09-11T11:16:54.227+05:30 DEBUG 21880 --- [siec-accounting] [restartedMain] s.w.s.m.m.a.RequestMappingHandlerMapping : 12 mappings in 'requestMappingHandlerMapping'
2026-09-11T11:16:54.266+05:30 DEBUG 21880 --- [siec-accounting] [restartedMain] o.s.w.s.handler.SimpleUrlHandlerMapping  : Patterns [/webjars/**, /**] in 'resourceHandlerMapping'
2026-09-11T11:16:54.301+05:30 DEBUG 21880 --- [siec-accounting] [restartedMain] s.w.s.m.m.a.RequestMappingHandlerAdapter : ControllerAdvice beans: 0 @ModelAttribute, 0 @InitBinder, 2 RequestBodyAdvice, 1 ResponseBodyAdvice
2026-09-11T11:16:54.368+05:30 DEBUG 21880 --- [siec-accounting] [restartedMain] .m.m.a.ExceptionHandlerExceptionResolver : ControllerAdvice beans: 0 @ExceptionHandler, 1 ResponseBodyAdvice
2026-09-11T11:16:54.758+05:30  INFO 21880 --- [siec-accounting] [restartedMain] o.s.boot.tomcat.TomcatWebServer          : Tomcat started on port 9093 (http) with context path '/'
2026-09-11T11:16:54.766+05:30  INFO 21880 --- [siec-accounting] [restartedMain] com.siec_acc.SiecAccountingApplication   : Started SiecAccountingApplication in 8.685 seconds (process running for 10.109)
2026-09-11T17:54:49.983+05:30  INFO 21880 --- [siec-accounting] [SpringApplicationShutdownHook] o.s.boot.tomcat.GracefulShutdown         : Commencing graceful shutdown. Waiting for active requests to complete
2026-09-11T17:54:50.006+05:30  INFO 21880 --- [siec-accounting] [tomcat-shutdown] o.s.boot.tomcat.GracefulShutdown         : Graceful shutdown complete
2026-09-11T17:54:50.028+05:30  INFO 21880 --- [siec-accounting] [SpringApplicationShutdownHook] j.LocalContainerEntityManagerFactoryBean : Closing JPA EntityManagerFactory for persistence unit 'default'
2026-09-11T17:54:50.052+05:30  INFO 21880 --- [siec-accounting] [SpringApplicationShutdownHook] com.zaxxer.hikari.HikariDataSource       : HikariPool-1 - Shutdown initiated...
2026-09-11T17:54:50.058+05:30  INFO 21880 --- [siec-accounting] [SpringApplicationShutdownHook] com.zaxxer.hikari.HikariDataSource       : HikariPool-1 - Shutdown completed.
